[29Sept.2025 17:00:19.957] [main/INFO] [cpw.mods.modlauncher.Launcher/MODLAUNCHER]: ModLauncher running: args [--launchTarget, forgeclientdev, --version, 21.3.93, --assetIndex, 18, --assetsDir, C:\\Users\\Stefa\\.gradle\\caches\\neoformruntime\\assets, --gameDir, ., --fml.fmlVersion, 5.0.8, --fml.mcVersion, 1.21.3, --fml.neoForgeVersion, 21.3.93, --fml.neoFormVersion, 20241023.131943]
[29Sept.2025 17:00:19.964] [main/INFO] [cpw.mods.modlauncher.Launcher/MODLAUNCHER]: JVM identified as Eclipse Adoptium OpenJDK 64-Bit Server VM 21.0.8+9-LTS
[29Sept.2025 17:00:19.967] [main/INFO] [cpw.mods.modlauncher.Launcher/MODLAUNCHER]: ModLauncher 11.0.4+main.d2e20e43 starting: java version 21.0.8 by Eclipse Adoptium; OS Windows 11 arch amd64 version 10.0
[29Sept.2025 17:00:20.184] [main/INFO] [net.neoforged.fml.loading.ImmediateWindowHandler/]: Loading ImmediateWindowProvider fmlearlywindow
[29Sept.2025 17:00:20.372] [main/INFO] [EARLYDISPLAY/]: Trying GL version 4.6
[29Sept.2025 17:00:20.630] [main/INFO] [EARLYDISPLAY/]: Requested GL version 4.6 got version 4.6
[29Sept.2025 17:00:20.831] [main/INFO] [mixin/]: SpongePowered MIXIN Subsystem Version=0.8.7 Source=union:/C:/Users/Stefa/.gradle/caches/modules-2/files-2.1/net.fabricmc/sponge-mixin/0.15.2+mixin.0.8.7/2af2f021d8e02a0220dc27a7a72b4666d66d44ca/sponge-mixin-0.15.2+mixin.0.8.7.jar%23162!/ Service=ModLauncher Env=CLIENT
[29Sept.2025 17:00:21.128] [pool-2-thread-1/INFO] [EARLYDISPLAY/]: GL info: NVIDIA GeForce RTX 2060/PCIe/SSE2 GL version 4.6.0 NVIDIA 581.08, NVIDIA Corporation
[29Sept.2025 17:00:21.460] [main/INFO] [net.neoforged.fml.loading.moddiscovery.locators.JarInJarDependencyLocator/]: Found 2 dependencies adding them to mods collection
[29Sept.2025 17:00:21.461] [main/INFO] [net.neoforged.fml.loading.moddiscovery.ModDiscoverer/]: 
     Mod List:
		Name Version (Mod Id)

		Minecraft 1.21.3 (minecraft)
		NeoForge 21.3.93 (neoforge)
[29Sept.2025 17:00:22.935] [main/INFO] [cpw.mods.modlauncher.LaunchServiceHandler/MODLAUNCHER]: Launching target 'forgeclientdev' with arguments [--version, 21.3.93, --gameDir, ., --assetsDir, C:\Users\Stefa\.gradle\caches\neoformruntime\assets, --assetIndex, 18]
[29Sept.2025 17:00:25.772] [Datafixer Bootstrap/INFO] [com.mojang.datafixers.DataFixerBuilder/]: 240 Datafixer optimizations took 568 milliseconds
[29Sept.2025 17:00:26.012] [pool-6-thread-1/INFO] [MixinExtras|Service/]: Initializing MixinExtras via com.llamalad7.mixinextras.service.MixinExtrasServiceImpl(version=0.5.0).
[29Sept.2025 17:00:34.872] [main/WARN] [net.minecraft.commands.Commands/]: Ambiguity between arguments [teleport, location] and [teleport, destination] with inputs: [0.1 -0.5 .9, 0 0 0]
[29Sept.2025 17:00:34.874] [main/WARN] [net.minecraft.commands.Commands/]: Ambiguity between arguments [teleport, location] and [teleport, targets] with inputs: [0.1 -0.5 .9, 0 0 0]
[29Sept.2025 17:00:34.880] [main/WARN] [net.minecraft.commands.Commands/]: Ambiguity between arguments [teleport, destination] and [teleport, targets] with inputs: [Player, 0123, @e, dd12be42-52a9-4a91-a8a1-11c01849e498]
[29Sept.2025 17:00:34.882] [main/WARN] [net.minecraft.commands.Commands/]: Ambiguity between arguments [teleport, targets] and [teleport, destination] with inputs: [Player, 0123, dd12be42-52a9-4a91-a8a1-11c01849e498]
[29Sept.2025 17:00:34.887] [main/WARN] [net.minecraft.commands.Commands/]: Ambiguity between arguments [teleport, targets, location] and [teleport, targets, destination] with inputs: [0.1 -0.5 .9, 0 0 0]
[29Sept.2025 17:00:35.094] [Render thread/WARN] [net.minecraft.server.packs.VanillaPackResourcesBuilder/]: Assets URL 'union:/C:/ModdingMC/Siege-Stopper/build/moddev/artifacts/neoforge-21.3.93.jar%23215!/assets/.mcassetsroot' uses unexpected schema
[29Sept.2025 17:00:35.095] [Render thread/WARN] [net.minecraft.server.packs.VanillaPackResourcesBuilder/]: Assets URL 'union:/C:/ModdingMC/Siege-Stopper/build/moddev/artifacts/neoforge-21.3.93.jar%23215!/data/.mcassetsroot' uses unexpected schema
[29Sept.2025 17:00:35.130] [Render thread/INFO] [com.mojang.authlib.yggdrasil.YggdrasilAuthenticationService/]: Environment: Environment[sessionHost=https://sessionserver.mojang.com, servicesHost=https://api.minecraftservices.com, name=PROD]
[29Sept.2025 17:00:35.148] [Render thread/INFO] [net.minecraft.client.Minecraft/]: Setting user: Dev
[29Sept.2025 17:00:35.337] [Render thread/INFO] [net.minecraft.client.Minecraft/]: Backend library: LWJGL version 3.3.3+5
[29Sept.2025 17:00:35.615] [Render thread/FATAL] [net.neoforged.fml.ModLoader/CORE]: Error during pre-loading phase: File C:\ModdingMC\Siege-Stopper\build\classes\java\main is not a valid mod file
com.electronwill.nightconfig.core.io.ParsingException: Invalid bare key: '${mod_id}'
	at MC-BOOTSTRAP/com.electronwill.nightconfig.toml@3.8.0/com.electronwill.nightconfig.toml.TableParser.parseNonDottedKey(TableParser.java:205) ~[toml-3.8.0.jar%23120!/:?]
	at MC-BOOTSTRAP/com.electronwill.nightconfig.toml@3.8.0/com.electronwill.nightconfig.toml.TableParser.parseTableName(TableParser.java:134) ~[toml-3.8.0.jar%23120!/:?]
	at MC-BOOTSTRAP/com.electronwill.nightconfig.toml@3.8.0/com.electronwill.nightconfig.toml.TomlParser.parse(TomlParser.java:68) ~[toml-3.8.0.jar%23120!/:?]
	at MC-BOOTSTRAP/com.electronwill.nightconfig.toml@3.8.0/com.electronwill.nightconfig.toml.TomlParser.parse(TomlParser.java:45) ~[toml-3.8.0.jar%23120!/:?]
	at MC-BOOTSTRAP/com.electronwill.nightconfig.toml@3.8.0/com.electronwill.nightconfig.toml.TomlParser.parse(TomlParser.java:18) ~[toml-3.8.0.jar%23120!/:?]
	at MC-BOOTSTRAP/com.electronwill.nightconfig.core@3.8.0/com.electronwill.nightconfig.core.io.ConfigParser.parse(ConfigParser.java:99) ~[core-3.8.0.jar%23119!/:?]
	at MC-BOOTSTRAP/com.electronwill.nightconfig.core@3.8.0/com.electronwill.nightconfig.core.io.ConfigParser.parse(ConfigParser.java:216) ~[core-3.8.0.jar%23119!/:?]
	at MC-BOOTSTRAP/com.electronwill.nightconfig.core@3.8.0/com.electronwill.nightconfig.core.file.AsyncFileConfig.loadNow(AsyncFileConfig.java:189) ~[core-3.8.0.jar%23119!/:?]
	at MC-BOOTSTRAP/com.electronwill.nightconfig.core@3.8.0/com.electronwill.nightconfig.core.file.AsyncFileConfig.load(AsyncFileConfig.java:270) ~[core-3.8.0.jar%23119!/:?]
	at MC-BOOTSTRAP/fml_loader@5.0.8/net.neoforged.fml.loading.moddiscovery.ModFileParser.modsTomlParser(ModFileParser.java:48) ~[loader-5.0.8.jar%23173!/:5.0]
	at MC-BOOTSTRAP/fml_loader@5.0.8/net.neoforged.fml.loading.moddiscovery.ModFileParser.readModList(ModFileParser.java:35) ~[loader-5.0.8.jar%23173!/:5.0]
	at MC-BOOTSTRAP/fml_loader@5.0.8/net.neoforged.fml.loading.moddiscovery.ModFile.<init>(ModFile.java:77) ~[loader-5.0.8.jar%23173!/:5.0]
	at MC-BOOTSTRAP/fml_loader@5.0.8/net.neoforged.fml.loading.moddiscovery.ModFile.<init>(ModFile.java:66) ~[loader-5.0.8.jar%23173!/:5.0]
	at MC-BOOTSTRAP/fml_loader@5.0.8/net.neoforged.fml.loading.moddiscovery.readers.JarModsDotTomlModFileReader.createModFile(JarModsDotTomlModFileReader.java:45) ~[loader-5.0.8.jar%23173!/:5.0]
	at MC-BOOTSTRAP/fml_loader@5.0.8/net.neoforged.fml.loading.moddiscovery.readers.JarModsDotTomlModFileReader.read(JarModsDotTomlModFileReader.java:88) ~[loader-5.0.8.jar%23173!/:5.0]
	at MC-BOOTSTRAP/fml_loader@5.0.8/net.neoforged.fml.loading.moddiscovery.ModDiscoverer$DiscoveryPipeline.addJarContent(ModDiscoverer.java:223) ~[loader-5.0.8.jar%23173!/:5.0]
	at MC-BOOTSTRAP/fml_loader@5.0.8/net.neoforged.fml.loading.moddiscovery.ModDiscoverer$DiscoveryPipeline.addPath(ModDiscoverer.java:200) ~[loader-5.0.8.jar%23173!/:5.0]
	at MC-BOOTSTRAP/fml_loader@5.0.8/net.neoforged.fml.loading.moddiscovery.locators.UserdevLocator.findCandidates(UserdevLocator.java:34) ~[loader-5.0.8.jar%23173!/:5.0]
	at MC-BOOTSTRAP/fml_loader@5.0.8/net.neoforged.fml.loading.moddiscovery.ModDiscoverer.discoverMods(ModDiscoverer.java:73) ~[loader-5.0.8.jar%23173!/:5.0]
	at MC-BOOTSTRAP/fml_loader@5.0.8/net.neoforged.fml.loading.FMLLoader.beginModScan(FMLLoader.java:131) ~[loader-5.0.8.jar%23173!/:5.0]
	at MC-BOOTSTRAP/fml_loader@5.0.8/net.neoforged.fml.loading.FMLServiceProvider.beginScanning(FMLServiceProvider.java:84) ~[loader-5.0.8.jar%23173!/:5.0]
	at MC-BOOTSTRAP/cpw.mods.modlauncher@11.0.4/cpw.mods.modlauncher.TransformationServiceDecorator.runScan(TransformationServiceDecorator.java:97) ~[modlauncher-11.0.4.jar%23152!/:?]
	at MC-BOOTSTRAP/cpw.mods.modlauncher@11.0.4/cpw.mods.modlauncher.TransformationServicesHandler.lambda$runScanningTransformationServices$7(TransformationServicesHandler.java:94) ~[modlauncher-11.0.4.jar%23152!/:?]
	at java.base/java.util.stream.ReferencePipeline$3$1.accept(ReferencePipeline.java:197) ~[?:?]
	at java.base/java.util.HashMap$ValueSpliterator.forEachRemaining(HashMap.java:1787) ~[?:?]
	at java.base/java.util.stream.AbstractPipeline.copyInto(AbstractPipeline.java:509) ~[?:?]
	at java.base/java.util.stream.AbstractPipeline.wrapAndCopyInto(AbstractPipeline.java:499) ~[?:?]
	at java.base/java.util.stream.AbstractPipeline.evaluate(AbstractPipeline.java:575) ~[?:?]
	at java.base/java.util.stream.AbstractPipeline.evaluateToArrayNode(AbstractPipeline.java:260) ~[?:?]
	at java.base/java.util.stream.ReferencePipeline.toArray(ReferencePipeline.java:616) ~[?:?]
	at java.base/java.util.stream.ReferencePipeline.toArray(ReferencePipeline.java:622) ~[?:?]
	at java.base/java.util.stream.ReferencePipeline.toList(ReferencePipeline.java:627) ~[?:?]
	at MC-BOOTSTRAP/cpw.mods.modlauncher@11.0.4/cpw.mods.modlauncher.TransformationServicesHandler.runScanningTransformationServices(TransformationServicesHandler.java:96) ~[modlauncher-11.0.4.jar%23152!/:?]
	at MC-BOOTSTRAP/cpw.mods.modlauncher@11.0.4/cpw.mods.modlauncher.TransformationServicesHandler.initializeTransformationServices(TransformationServicesHandler.java:50) ~[modlauncher-11.0.4.jar%23152!/:?]
	at MC-BOOTSTRAP/cpw.mods.modlauncher@11.0.4/cpw.mods.modlauncher.Launcher.run(Launcher.java:84) [modlauncher-11.0.4.jar%23152!/:?]
	at MC-BOOTSTRAP/cpw.mods.modlauncher@11.0.4/cpw.mods.modlauncher.Launcher.main(Launcher.java:74) [modlauncher-11.0.4.jar%23152!/:?]
	at MC-BOOTSTRAP/cpw.mods.modlauncher@11.0.4/cpw.mods.modlauncher.BootstrapLaunchConsumer.accept(BootstrapLaunchConsumer.java:26) [modlauncher-11.0.4.jar%23152!/:?]
	at MC-BOOTSTRAP/cpw.mods.modlauncher@11.0.4/cpw.mods.modlauncher.BootstrapLaunchConsumer.accept(BootstrapLaunchConsumer.java:23) [modlauncher-11.0.4.jar%23152!/:?]
	at cpw.mods.bootstraplauncher@2.0.2/cpw.mods.bootstraplauncher.BootstrapLauncher.run(BootstrapLauncher.java:210) [bootstraplauncher-2.0.2.jar:?]
	at cpw.mods.bootstraplauncher@2.0.2/cpw.mods.bootstraplauncher.BootstrapLauncher.main(BootstrapLauncher.java:69) [bootstraplauncher-2.0.2.jar:?]
	at java.base/jdk.internal.reflect.DirectMethodHandleAccessor.invoke(DirectMethodHandleAccessor.java:103) ~[?:?]
	at java.base/java.lang.reflect.Method.invoke(Method.java:580) ~[?:?]
	at net.neoforged.devlaunch.Main.main(Main.java:57) [DevLaunch-1.0.2.jar:?]
[29Sept.2025 17:00:35.841] [Render thread/ERROR] [net.neoforged.fml.ModLoader/]: Cowardly refusing to send event net.neoforged.neoforge.client.event.sound.SoundEngineLoadEvent to a broken mod state
[29Sept.2025 17:00:36.055] [Render thread/ERROR] [net.neoforged.fml.ModLoader/]: Cowardly refusing to send event net.neoforged.neoforge.client.event.RegisterColorHandlersEvent$Block to a broken mod state
[29Sept.2025 17:00:36.062] [Render thread/ERROR] [net.neoforged.fml.ModLoader/]: Cowardly refusing to send event net.neoforged.neoforge.client.event.RegisterColorHandlersEvent$Item to a broken mod state
[29Sept.2025 17:00:36.089] [Render thread/ERROR] [net.neoforged.fml.ModLoader/]: Cowardly refusing to send event net.neoforged.neoforge.client.event.RegisterMaterialAtlasesEvent to a broken mod state
[29Sept.2025 17:00:36.133] [Render thread/ERROR] [net.neoforged.fml.ModLoader/]: Cowardly refusing to send event net.neoforged.neoforge.client.event.RegisterRenderBuffersEvent to a broken mod state
[29Sept.2025 17:00:36.259] [Render thread/ERROR] [net.neoforged.fml.ModLoader/]: Cowardly refusing to send event net.neoforged.neoforge.client.event.RegisterParticleProvidersEvent to a broken mod state
[29Sept.2025 17:00:36.312] [Render thread/ERROR] [net.neoforged.fml.ModLoader/]: Cowardly refusing to send event net.neoforged.neoforge.client.event.RenderLevelStageEvent$RegisterStageEvent to a broken mod state
[29Sept.2025 17:00:36.379] [Render thread/ERROR] [net.neoforged.fml.ModLoader/]: Cowardly refusing to send event net.neoforged.neoforge.client.extensions.common.RegisterClientExtensionsEvent to a broken mod state
[29Sept.2025 17:00:36.379] [Render thread/ERROR] [net.neoforged.fml.ModLoader/]: Cowardly refusing to send event net.neoforged.neoforge.client.event.RegisterSpriteSourceTypesEvent to a broken mod state
[29Sept.2025 17:00:36.418] [Render thread/ERROR] [net.neoforged.fml.ModLoader/]: Cowardly refusing to send event net.neoforged.neoforge.client.event.RegisterMenuScreensEvent to a broken mod state
[29Sept.2025 17:00:36.418] [Render thread/ERROR] [net.neoforged.fml.ModLoader/]: Cowardly refusing to send event net.neoforged.neoforge.client.event.RegisterClientReloadListenersEvent to a broken mod state
[29Sept.2025 17:00:36.420] [Render thread/ERROR] [net.neoforged.fml.ModLoader/]: Cowardly refusing to send event net.neoforged.neoforge.client.event.EntityRenderersEvent$RegisterLayerDefinitions to a broken mod state
[29Sept.2025 17:00:36.420] [Render thread/ERROR] [net.neoforged.fml.ModLoader/]: Cowardly refusing to send event net.neoforged.neoforge.client.event.EntityRenderersEvent$RegisterRenderers to a broken mod state
[29Sept.2025 17:00:36.420] [Render thread/ERROR] [net.neoforged.fml.ModLoader/]: Cowardly refusing to send event net.neoforged.neoforge.client.renderstate.RegisterRenderStateModifiersEvent to a broken mod state
[29Sept.2025 17:00:36.421] [Render thread/ERROR] [net.neoforged.fml.ModLoader/]: Cowardly refusing to send event net.neoforged.neoforge.client.event.RegisterClientTooltipComponentFactoriesEvent to a broken mod state
[29Sept.2025 17:00:36.421] [Render thread/ERROR] [net.neoforged.fml.ModLoader/]: Cowardly refusing to send event net.neoforged.neoforge.client.event.RegisterEntitySpectatorShadersEvent to a broken mod state
[29Sept.2025 17:00:36.423] [Render thread/ERROR] [net.neoforged.fml.ModLoader/]: Cowardly refusing to send event net.neoforged.neoforge.client.event.RegisterKeyMappingsEvent to a broken mod state
[29Sept.2025 17:00:36.423] [Render thread/ERROR] [net.neoforged.fml.ModLoader/]: Cowardly refusing to send event net.neoforged.neoforge.client.event.RegisterRecipeBookSearchCategoriesEvent to a broken mod state
[29Sept.2025 17:00:36.423] [Render thread/ERROR] [net.neoforged.fml.ModLoader/]: Cowardly refusing to send event net.neoforged.neoforge.client.event.RegisterGuiLayersEvent to a broken mod state
[29Sept.2025 17:00:36.428] [Render thread/ERROR] [net.neoforged.fml.ModLoader/]: Cowardly refusing to send event net.neoforged.neoforge.client.event.RegisterDimensionSpecialEffectsEvent to a broken mod state
[29Sept.2025 17:00:36.430] [Render thread/ERROR] [net.neoforged.fml.ModLoader/]: Cowardly refusing to send event net.neoforged.neoforge.client.event.RegisterNamedRenderTypesEvent to a broken mod state
[29Sept.2025 17:00:36.431] [Render thread/ERROR] [net.neoforged.fml.ModLoader/]: Cowardly refusing to send event net.neoforged.neoforge.client.event.RegisterColorHandlersEvent$ColorResolvers to a broken mod state
[29Sept.2025 17:00:36.431] [Render thread/ERROR] [net.neoforged.fml.ModLoader/]: Cowardly refusing to send event net.neoforged.neoforge.client.event.RegisterItemDecorationsEvent to a broken mod state
[29Sept.2025 17:00:36.438] [Render thread/ERROR] [net.neoforged.fml.ModLoader/]: Cowardly refusing to send event net.neoforged.neoforge.client.event.RegisterPresetEditorsEvent to a broken mod state
[29Sept.2025 17:00:36.439] [Render thread/ERROR] [net.neoforged.fml.ModLoader/]: Cowardly refusing to send event net.neoforged.neoforge.client.gui.map.RegisterMapDecorationRenderersEvent to a broken mod state
[29Sept.2025 17:00:36.439] [Render thread/ERROR] [net.neoforged.fml.ModLoader/]: Cowardly refusing to send event net.neoforged.neoforge.client.event.RegisterDimensionTransitionScreenEvent to a broken mod state
[29Sept.2025 17:00:36.453] [Render thread/ERROR] [net.neoforged.fml.ModLoader/]: Cowardly refusing to send event net.neoforged.neoforge.client.event.RegisterJsonAnimationTypesEvent to a broken mod state
[29Sept.2025 17:00:36.453] [Render thread/ERROR] [net.neoforged.fml.ModLoader/]: Cowardly refusing to send event net.neoforged.neoforge.client.event.RegisterShadersEvent to a broken mod state
[29Sept.2025 17:00:36.534] [Render thread/INFO] [net.minecraft.server.packs.resources.ReloadableResourceManager/]: Reloading ResourceManager: vanilla
[29Sept.2025 17:00:36.572] [Render thread/ERROR] [net.neoforged.fml.ModLoader/]: Cowardly refusing to send event net.neoforged.neoforge.client.event.ModelEvent$RegisterGeometryLoaders to a broken mod state
[29Sept.2025 17:00:36.843] [resourceLoad/INFO] [net.minecraft.client.gui.font.providers.UnihexProvider/]: Found unifont_all_no_pua-15.1.05.hex, loading
[29Sept.2025 17:00:37.062] [resourceLoad/INFO] [net.minecraft.client.gui.font.providers.UnihexProvider/]: Found unifont_jp_patch-15.1.05.hex, loading
[29Sept.2025 17:00:37.552] [resourceLoad/ERROR] [net.neoforged.fml.ModLoader/]: Cowardly refusing to send event net.neoforged.neoforge.client.event.ModelEvent$RegisterAdditional to a broken mod state
[29Sept.2025 17:00:38.366] [resourceLoad/ERROR] [net.neoforged.fml.ModLoader/]: Cowardly refusing to send event net.neoforged.neoforge.client.event.ModelEvent$ModifyBakingResult to a broken mod state
[29Sept.2025 17:00:38.520] [Render thread/WARN] [net.minecraft.client.sounds.SoundEngine/]: Missing sound for event: minecraft:block.spawner.fall
[29Sept.2025 17:00:38.584] [Render thread/INFO] [com.mojang.blaze3d.audio.Library/]: OpenAL initialized on device OpenAL Soft on Lautsprecher (Realtek(R) Audio)
[29Sept.2025 17:00:38.586] [Render thread/INFO] [net.minecraft.client.sounds.SoundEngine/SOUNDS]: Sound engine started
[29Sept.2025 17:00:38.586] [Render thread/ERROR] [net.neoforged.fml.ModLoader/]: Cowardly refusing to send event net.neoforged.neoforge.client.event.sound.SoundEngineLoadEvent to a broken mod state
[29Sept.2025 17:00:38.780] [Render thread/INFO] [net.minecraft.client.renderer.texture.TextureAtlas/]: Created: 1024x512x4 minecraft:textures/atlas/blocks.png-atlas
[29Sept.2025 17:00:38.797] [Render thread/ERROR] [net.neoforged.fml.ModLoader/]: Cowardly refusing to send event net.neoforged.neoforge.client.event.TextureAtlasStitchedEvent to a broken mod state
[29Sept.2025 17:00:38.797] [Render thread/INFO] [net.minecraft.client.renderer.texture.TextureAtlas/]: Created: 256x256x4 minecraft:textures/atlas/signs.png-atlas
[29Sept.2025 17:00:38.797] [Render thread/ERROR] [net.neoforged.fml.ModLoader/]: Cowardly refusing to send event net.neoforged.neoforge.client.event.TextureAtlasStitchedEvent to a broken mod state
[29Sept.2025 17:00:38.797] [Render thread/INFO] [net.minecraft.client.renderer.texture.TextureAtlas/]: Created: 512x512x4 minecraft:textures/atlas/shield_patterns.png-atlas
[29Sept.2025 17:00:38.798] [Render thread/ERROR] [net.neoforged.fml.ModLoader/]: Cowardly refusing to send event net.neoforged.neoforge.client.event.TextureAtlasStitchedEvent to a broken mod state
[29Sept.2025 17:00:38.798] [Render thread/INFO] [net.minecraft.client.renderer.texture.TextureAtlas/]: Created: 512x512x4 minecraft:textures/atlas/banner_patterns.png-atlas
[29Sept.2025 17:00:38.799] [Render thread/ERROR] [net.neoforged.fml.ModLoader/]: Cowardly refusing to send event net.neoforged.neoforge.client.event.TextureAtlasStitchedEvent to a broken mod state
[29Sept.2025 17:00:38.799] [Render thread/INFO] [net.minecraft.client.renderer.texture.TextureAtlas/]: Created: 1024x1024x4 minecraft:textures/atlas/armor_trims.png-atlas
[29Sept.2025 17:00:38.804] [Render thread/ERROR] [net.neoforged.fml.ModLoader/]: Cowardly refusing to send event net.neoforged.neoforge.client.event.TextureAtlasStitchedEvent to a broken mod state
[29Sept.2025 17:00:38.804] [Render thread/INFO] [net.minecraft.client.renderer.texture.TextureAtlas/]: Created: 256x256x4 minecraft:textures/atlas/chest.png-atlas
[29Sept.2025 17:00:38.805] [Render thread/ERROR] [net.neoforged.fml.ModLoader/]: Cowardly refusing to send event net.neoforged.neoforge.client.event.TextureAtlasStitchedEvent to a broken mod state
[29Sept.2025 17:00:38.805] [Render thread/INFO] [net.minecraft.client.renderer.texture.TextureAtlas/]: Created: 128x64x4 minecraft:textures/atlas/decorated_pot.png-atlas
[29Sept.2025 17:00:38.805] [Render thread/ERROR] [net.neoforged.fml.ModLoader/]: Cowardly refusing to send event net.neoforged.neoforge.client.event.TextureAtlasStitchedEvent to a broken mod state
[29Sept.2025 17:00:38.805] [Render thread/INFO] [net.minecraft.client.renderer.texture.TextureAtlas/]: Created: 512x256x4 minecraft:textures/atlas/shulker_boxes.png-atlas
[29Sept.2025 17:00:38.805] [Render thread/ERROR] [net.neoforged.fml.ModLoader/]: Cowardly refusing to send event net.neoforged.neoforge.client.event.TextureAtlasStitchedEvent to a broken mod state
[29Sept.2025 17:00:38.805] [Render thread/INFO] [net.minecraft.client.renderer.texture.TextureAtlas/]: Created: 512x256x4 minecraft:textures/atlas/beds.png-atlas
[29Sept.2025 17:00:38.806] [Render thread/ERROR] [net.neoforged.fml.ModLoader/]: Cowardly refusing to send event net.neoforged.neoforge.client.event.TextureAtlasStitchedEvent to a broken mod state
[29Sept.2025 17:00:38.806] [Render thread/ERROR] [net.neoforged.fml.ModLoader/]: Cowardly refusing to send event net.neoforged.neoforge.client.event.ModelEvent$BakingCompleted to a broken mod state
[29Sept.2025 17:00:39.000] [Render thread/ERROR] [net.neoforged.fml.ModLoader/]: Cowardly refusing to send event net.neoforged.neoforge.client.event.EntityRenderersEvent$CreateSkullModels to a broken mod state
[29Sept.2025 17:00:39.011] [Render thread/ERROR] [net.neoforged.fml.ModLoader/]: Cowardly refusing to send event net.neoforged.neoforge.client.event.EntityRenderersEvent$CreateSkullModels to a broken mod state
[29Sept.2025 17:00:39.011] [Render thread/INFO] [net.minecraft.client.renderer.texture.TextureAtlas/]: Created: 64x64x0 minecraft:textures/atlas/map_decorations.png-atlas
[29Sept.2025 17:00:39.011] [Render thread/ERROR] [net.neoforged.fml.ModLoader/]: Cowardly refusing to send event net.neoforged.neoforge.client.event.TextureAtlasStitchedEvent to a broken mod state
[29Sept.2025 17:00:39.174] [Render thread/ERROR] [net.neoforged.fml.ModLoader/]: Cowardly refusing to send event net.neoforged.neoforge.client.event.EntityRenderersEvent$CreateSkullModels to a broken mod state
[29Sept.2025 17:00:39.175] [Render thread/ERROR] [net.neoforged.fml.ModLoader/]: Cowardly refusing to send event net.neoforged.neoforge.client.event.EntityRenderersEvent$CreateSkullModels to a broken mod state
[29Sept.2025 17:00:39.179] [Render thread/ERROR] [net.neoforged.fml.ModLoader/]: Cowardly refusing to send event net.neoforged.neoforge.client.event.EntityRenderersEvent$CreateSkullModels to a broken mod state
[29Sept.2025 17:00:39.183] [Render thread/ERROR] [net.neoforged.fml.ModLoader/]: Cowardly refusing to send event net.neoforged.neoforge.client.event.EntityRenderersEvent$CreateSkullModels to a broken mod state
[29Sept.2025 17:00:39.183] [Render thread/ERROR] [net.neoforged.fml.ModLoader/]: Cowardly refusing to send event net.neoforged.neoforge.client.event.EntityRenderersEvent$CreateSkullModels to a broken mod state
[29Sept.2025 17:00:39.184] [Render thread/ERROR] [net.neoforged.fml.ModLoader/]: Cowardly refusing to send event net.neoforged.neoforge.client.event.EntityRenderersEvent$CreateSkullModels to a broken mod state
[29Sept.2025 17:00:39.190] [Render thread/ERROR] [net.neoforged.fml.ModLoader/]: Cowardly refusing to send event net.neoforged.neoforge.client.event.EntityRenderersEvent$CreateSkullModels to a broken mod state
[29Sept.2025 17:00:39.191] [Render thread/ERROR] [net.neoforged.fml.ModLoader/]: Cowardly refusing to send event net.neoforged.neoforge.client.event.EntityRenderersEvent$CreateSkullModels to a broken mod state
[29Sept.2025 17:00:39.193] [Render thread/ERROR] [net.neoforged.fml.ModLoader/]: Cowardly refusing to send event net.neoforged.neoforge.client.event.EntityRenderersEvent$CreateSkullModels to a broken mod state
[29Sept.2025 17:00:39.196] [Render thread/ERROR] [net.neoforged.fml.ModLoader/]: Cowardly refusing to send event net.neoforged.neoforge.client.event.EntityRenderersEvent$CreateSkullModels to a broken mod state
[29Sept.2025 17:00:39.196] [Render thread/ERROR] [net.neoforged.fml.ModLoader/]: Cowardly refusing to send event net.neoforged.neoforge.client.event.EntityRenderersEvent$CreateSkullModels to a broken mod state
[29Sept.2025 17:00:39.200] [Render thread/ERROR] [net.neoforged.fml.ModLoader/]: Cowardly refusing to send event net.neoforged.neoforge.client.event.EntityRenderersEvent$CreateSkullModels to a broken mod state
[29Sept.2025 17:00:39.204] [Render thread/ERROR] [net.neoforged.fml.ModLoader/]: Cowardly refusing to send event net.neoforged.neoforge.client.event.EntityRenderersEvent$CreateSkullModels to a broken mod state
[29Sept.2025 17:00:39.205] [Render thread/ERROR] [net.neoforged.fml.ModLoader/]: Cowardly refusing to send event net.neoforged.neoforge.client.event.EntityRenderersEvent$CreateSkullModels to a broken mod state
[29Sept.2025 17:00:39.211] [Render thread/ERROR] [net.neoforged.fml.ModLoader/]: Cowardly refusing to send event net.neoforged.neoforge.client.event.EntityRenderersEvent$CreateSkullModels to a broken mod state
[29Sept.2025 17:00:39.214] [Render thread/ERROR] [net.neoforged.fml.ModLoader/]: Cowardly refusing to send event net.neoforged.neoforge.client.event.EntityRenderersEvent$CreateSkullModels to a broken mod state
[29Sept.2025 17:00:39.217] [Render thread/ERROR] [net.neoforged.fml.ModLoader/]: Cowardly refusing to send event net.neoforged.neoforge.client.event.EntityRenderersEvent$CreateSkullModels to a broken mod state
[29Sept.2025 17:00:39.223] [Render thread/ERROR] [net.neoforged.fml.ModLoader/]: Cowardly refusing to send event net.neoforged.neoforge.client.event.EntityRenderersEvent$CreateSkullModels to a broken mod state
[29Sept.2025 17:00:39.229] [Render thread/ERROR] [net.neoforged.fml.ModLoader/]: Cowardly refusing to send event net.neoforged.neoforge.client.event.EntityRenderersEvent$CreateSkullModels to a broken mod state
[29Sept.2025 17:00:39.229] [Render thread/ERROR] [net.neoforged.fml.ModLoader/]: Cowardly refusing to send event net.neoforged.neoforge.client.event.EntityRenderersEvent$CreateSkullModels to a broken mod state
[29Sept.2025 17:00:39.229] [Render thread/ERROR] [net.neoforged.fml.ModLoader/]: Cowardly refusing to send event net.neoforged.neoforge.client.event.EntityRenderersEvent$AddLayers to a broken mod state
[29Sept.2025 17:00:39.230] [Render thread/INFO] [net.minecraft.client.renderer.texture.TextureAtlas/]: Created: 512x256x0 minecraft:textures/atlas/particles.png-atlas
[29Sept.2025 17:00:39.230] [Render thread/ERROR] [net.neoforged.fml.ModLoader/]: Cowardly refusing to send event net.neoforged.neoforge.client.event.TextureAtlasStitchedEvent to a broken mod state
[29Sept.2025 17:00:39.232] [Render thread/INFO] [net.minecraft.client.renderer.texture.TextureAtlas/]: Created: 512x256x0 minecraft:textures/atlas/paintings.png-atlas
[29Sept.2025 17:00:39.232] [Render thread/ERROR] [net.neoforged.fml.ModLoader/]: Cowardly refusing to send event net.neoforged.neoforge.client.event.TextureAtlasStitchedEvent to a broken mod state
[29Sept.2025 17:00:39.232] [Render thread/INFO] [net.minecraft.client.renderer.texture.TextureAtlas/]: Created: 256x128x0 minecraft:textures/atlas/mob_effects.png-atlas
[29Sept.2025 17:00:39.232] [Render thread/ERROR] [net.neoforged.fml.ModLoader/]: Cowardly refusing to send event net.neoforged.neoforge.client.event.TextureAtlasStitchedEvent to a broken mod state
[29Sept.2025 17:00:39.232] [Render thread/INFO] [net.minecraft.client.renderer.texture.TextureAtlas/]: Created: 1024x512x0 minecraft:textures/atlas/gui.png-atlas
[29Sept.2025 17:00:39.233] [Render thread/ERROR] [net.neoforged.fml.ModLoader/]: Cowardly refusing to send event net.neoforged.neoforge.client.event.TextureAtlasStitchedEvent to a broken mod state
[29Sept.2025 17:00:39.378] [Render thread/ERROR] [net.minecraft.CrashReport/]: Negative index in crash report handler (0/31)
[29Sept.2025 17:00:39.397] [Render thread/FATAL] [net.neoforged.neoforge.client.loading.ClientModLoader/]: Crash report saved to .\crash-reports\crash-2025-09-29_17.00.39-fml.txt
[29Sept.2025 17:00:48.582] [Render thread/INFO] [net.minecraft.client.Minecraft/]: Stopping!
